// Jest Snapshot v1, https://goo.gl/fbAQLP

exports[`Pager Snapshot Test 1`] = `
Object {
  "asFragment": [Function],
  "baseElement": <body>
    <div
      id="chakra-toast-portal"
    >
      <ul
        id="chakra-toast-manager-top"
        style="position: fixed; z-index: 5500; pointer-events: none; display: flex; flex-direction: column; margin: 0px auto;"
      />
      <ul
        id="chakra-toast-manager-top-left"
        style="position: fixed; z-index: 5500; pointer-events: none; display: flex; flex-direction: column;"
      />
      <ul
        id="chakra-toast-manager-top-right"
        style="position: fixed; z-index: 5500; pointer-events: none; display: flex; flex-direction: column;"
      />
      <ul
        id="chakra-toast-manager-bottom-left"
        style="position: fixed; z-index: 5500; pointer-events: none; display: flex; flex-direction: column;"
      />
      <ul
        id="chakra-toast-manager-bottom"
        style="position: fixed; z-index: 5500; pointer-events: none; display: flex; flex-direction: column; margin: 0px auto;"
      />
      <ul
        id="chakra-toast-manager-bottom-right"
        style="position: fixed; z-index: 5500; pointer-events: none; display: flex; flex-direction: column;"
      />
    </div>
    <div>
      <div
        class="css-x3c7in"
      >
        <div
          class="css-17xejub"
        />
        <button
          class="chakra-button css-ahq60t"
          type="button"
        >
          1
        </button>
        <div
          class="css-17xejub"
        />
        <button
          class="chakra-button css-1cxr4u6"
          type="button"
        >
          2
        </button>
        <div
          class="css-17xejub"
        />
        <button
          class="chakra-button css-1cxr4u6"
          type="button"
        >
          3
        </button>
        <div
          class="css-17xejub"
        />
        <button
          class="chakra-button css-1cxr4u6"
          type="button"
        >
          4
        </button>
        <div
          class="css-17xejub"
        />
        <button
          class="chakra-button css-1cxr4u6"
          type="button"
        >
          5
        </button>
        <div
          class="css-17xejub"
        />
        <div
          class="css-17xejub"
        />
        ...
        <div
          class="css-17xejub"
        />
        <button
          class="chakra-button css-1cxr4u6"
          type="button"
        >
          83
        </button>
        <div
          class="css-17xejub"
        />
        <button
          aria-label="prev page"
          class="chakra-button css-198bfjk"
          type="button"
        >
          <svg
            aria-hidden="true"
            class="chakra-icon css-onkibi"
            focusable="false"
            viewBox="0 0 24 24"
          >
            <path
              d="M10 6L8.59 7.41 13.17 12l-4.58 4.59L10 18l6-6z"
              fill="currentColor"
            />
          </svg>
        </button>
      </div>
    </div>
  </body>,
  "container": <div>
    <div
      class="css-x3c7in"
    >
      <div
        class="css-17xejub"
      />
      <button
        class="chakra-button css-ahq60t"
        type="button"
      >
        1
      </button>
      <div
        class="css-17xejub"
      />
      <button
        class="chakra-button css-1cxr4u6"
        type="button"
      >
        2
      </button>
      <div
        class="css-17xejub"
      />
      <button
        class="chakra-button css-1cxr4u6"
        type="button"
      >
        3
      </button>
      <div
        class="css-17xejub"
      />
      <button
        class="chakra-button css-1cxr4u6"
        type="button"
      >
        4
      </button>
      <div
        class="css-17xejub"
      />
      <button
        class="chakra-button css-1cxr4u6"
        type="button"
      >
        5
      </button>
      <div
        class="css-17xejub"
      />
      <div
        class="css-17xejub"
      />
      ...
      <div
        class="css-17xejub"
      />
      <button
        class="chakra-button css-1cxr4u6"
        type="button"
      >
        83
      </button>
      <div
        class="css-17xejub"
      />
      <button
        aria-label="prev page"
        class="chakra-button css-198bfjk"
        type="button"
      >
        <svg
          aria-hidden="true"
          class="chakra-icon css-onkibi"
          focusable="false"
          viewBox="0 0 24 24"
        >
          <path
            d="M10 6L8.59 7.41 13.17 12l-4.58 4.59L10 18l6-6z"
            fill="currentColor"
          />
        </svg>
      </button>
    </div>
  </div>,
  "debug": [Function],
  "findAllByAltText": [Function],
  "findAllByDisplayValue": [Function],
  "findAllByLabelText": [Function],
  "findAllByPlaceholderText": [Function],
  "findAllByRole": [Function],
  "findAllByTestId": [Function],
  "findAllByText": [Function],
  "findAllByTitle": [Function],
  "findByAltText": [Function],
  "findByDisplayValue": [Function],
  "findByLabelText": [Function],
  "findByPlaceholderText": [Function],
  "findByRole": [Function],
  "findByTestId": [Function],
  "findByText": [Function],
  "findByTitle": [Function],
  "getAllByAltText": [Function],
  "getAllByDisplayValue": [Function],
  "getAllByLabelText": [Function],
  "getAllByPlaceholderText": [Function],
  "getAllByRole": [Function],
  "getAllByTestId": [Function],
  "getAllByText": [Function],
  "getAllByTitle": [Function],
  "getByAltText": [Function],
  "getByDisplayValue": [Function],
  "getByLabelText": [Function],
  "getByPlaceholderText": [Function],
  "getByRole": [Function],
  "getByTestId": [Function],
  "getByText": [Function],
  "getByTitle": [Function],
  "queryAllByAltText": [Function],
  "queryAllByDisplayValue": [Function],
  "queryAllByLabelText": [Function],
  "queryAllByPlaceholderText": [Function],
  "queryAllByRole": [Function],
  "queryAllByTestId": [Function],
  "queryAllByText": [Function],
  "queryAllByTitle": [Function],
  "queryByAltText": [Function],
  "queryByDisplayValue": [Function],
  "queryByLabelText": [Function],
  "queryByPlaceholderText": [Function],
  "queryByRole": [Function],
  "queryByTestId": [Function],
  "queryByText": [Function],
  "queryByTitle": [Function],
  "rerender": [Function],
  "unmount": [Function],
}
`;
